// Jest Snapshot v1, https://goo.gl/fbAQLP

exports[`Input component renders correctly 1`] = `
<DocumentFragment>
  <input
    class="sc-bdnylx bzTEwn"
    name="name"
    required=""
    type="text"
    value=""
  />
</DocumentFragment>
`;
