// Jest Snapshot v1, https://goo.gl/fbAQLP

exports[`TextArea component renders correctly 1`] = `
<DocumentFragment>
  <textarea
    class="sc-bdnylx cDOOWf"
    name="comment"
    required=""
  />
</DocumentFragment>
`;
